.venv\Scripts\pip : ERROR: Invalid requirement: 
'f\x00a\x00s\x00t\x00a\x00p\x00i\x00>\x00=\x000\x00.\x001\x001\x005\x00.\x000\x00' (from line 1 of requirements.txt)
At C:\Users\Adline\AppData\Local\Temp\ps-script-e25dd3fe-df66-48a0-a9b7-719c9bcb87b5.ps1:7 char:108
+ ... output.txt; .venv\Scripts\pip install -r requirements.txt 2>&1 | Out- ...
+                 ~~~~~~~~~~~~~~~~~~~~~~~~~~~~~~~~~~~~~~~~~~~~~~~~~~
    + CategoryInfo          : NotSpecified: (ERROR: Invalid ...quirements.txt):String) [], RemoteException
    + FullyQualifiedErrorId : NativeCommandError
 

[notice] A new release of pip is available: 24.0 -> 26.1.2
[notice] To update, run: C:\Users\Adline\Projects\cat-safesight\.venv\Scripts\python.exe -m pip install --upgrade pip
